<html>
<body>
<pre>
<h1>礦ision Build Log</h1>
<h2>Tool Versions:</h2>
IDE-Version: μVision V5.14.0.0
Copyright (C) 2015 ARM Ltd and ARM Germany GmbH. All rights reserved.
License Information: Hetianqi AutoBVT, Microsoft, LIC=8VR9U-SG6K0-7R9X3-AAZ0L-09QMD-WFGK9
 
Tool Versions:
Toolchain:       MDK-ARM Standard  Version: 5.14.0.0
Toolchain Path:  D:\Keil_v5\ARM\ARMCC\Bin
C Compiler:      Armcc.exe V5.05 update 1 (build 106)
Assembler:       Armasm.exe V5.05 update 1 (build 106)
Linker/Locator:  ArmLink.exe V5.05 update 1 (build 106)
Library Manager: ArmAr.exe V5.05 update 1 (build 106)
Hex Converter:   FromElf.exe V5.05 update 1 (build 106)
CPU DLL:         SARMCM3.DLL V5.14.0.0
Dialog DLL:      DARMSTM.DLL V1.65.0.0
Target DLL:      Segger\JL2CM3.dll V2.99.13.0
Dialog DLL:      TARMSTM.DLL V1.64.0.0
 
<h2>Project:</h2>
F:\自动贩卖机项目\我的UI\ALIENTEK MINISTM32 实验11 TFT LCD液晶显示实验\USER\LCD.uvprojx
Project File Date:  12/06/2017

<h2>Output:</h2>
Build target 'Target 1'
compiling main.c...
main.c(31): warning:  #167-D: argument of type "void (*)(u16, u16, u16)" is incompatible with parameter of type "void (*)(UG_S16, UG_S16, UG_COLOR)"
        UG_Init(&GUI_Struct, LCD_Fast_DrawPoint, 120, 120);             
main.c(61): warning:  #177-D: variable "textboxs" was declared but never referenced
      static UG_TEXTBOX textboxs[2];
main.c: 2 warnings, 0 errors
linking...
Program Size: Code=44068 RO-data=19084 RW-data=68 ZI-data=2204  
FromELF: creating hex file...
"..\OBJ\LCD.axf" - 0 Error(s), 2 Warning(s).

<h2>Collection of Component include folders:</h2>
  F:\自动贩卖机项目\我的UI\ALIENTEK MINISTM32 实验11 TFT LCD液晶显示实验\USER\RTE
  D:\Keil_v5\ARM\PACK\Keil\STM32F1xx_DFP\1.0.5\Device\Include

<h2>Collection of Component Files used:</h2>
</pre>
</body>
</html>
